Archive member included to satisfy reference by file (symbol)

c:/program files (x86)/gnu tools arm embedded/5.4 2016q3/bin/../lib/gcc/arm-none-eabi/5.4.1/armv6-m\libgcc.a(_udivsi3.o)
                              ..\obj\stm32f0xx_rcc.o (__aeabi_uidiv)
c:/program files (x86)/gnu tools arm embedded/5.4 2016q3/bin/../lib/gcc/arm-none-eabi/5.4.1/armv6-m\libgcc.a(_dvmd_tls.o)
                              c:/program files (x86)/gnu tools arm embedded/5.4 2016q3/bin/../lib/gcc/arm-none-eabi/5.4.1/armv6-m\libgcc.a(_udivsi3.o) (__aeabi_idiv0)

Discarded input sections

 .text          0x00000000        0x0 ..\obj\stm32f0xx_rcc.o
 .bss           0x00000000        0x0 ..\obj\stm32f0xx_rcc.o
 .text.RCC_DeInit
                0x00000000       0x88 ..\obj\stm32f0xx_rcc.o
 .text.RCC_HSEConfig
                0x00000000       0x28 ..\obj\stm32f0xx_rcc.o
 .text.RCC_WaitForHSEStartUp
                0x00000000       0x60 ..\obj\stm32f0xx_rcc.o
 .text.RCC_AdjustHSICalibrationValue
                0x00000000       0x3c ..\obj\stm32f0xx_rcc.o
 .text.RCC_HSICmd
                0x00000000       0x3c ..\obj\stm32f0xx_rcc.o
 .text.RCC_AdjustHSI14CalibrationValue
                0x00000000       0x3c ..\obj\stm32f0xx_rcc.o
 .text.RCC_HSI14Cmd
                0x00000000       0x3c ..\obj\stm32f0xx_rcc.o
 .text.RCC_HSI14ADCRequestCmd
                0x00000000       0x3c ..\obj\stm32f0xx_rcc.o
 .text.RCC_LSEConfig
                0x00000000       0x38 ..\obj\stm32f0xx_rcc.o
 .text.RCC_LSEDriveConfig
                0x00000000       0x2c ..\obj\stm32f0xx_rcc.o
 .text.RCC_LSICmd
                0x00000000       0x3c ..\obj\stm32f0xx_rcc.o
 .text.RCC_PLLConfig
                0x00000000       0x38 ..\obj\stm32f0xx_rcc.o
 .text.RCC_PLLCmd
                0x00000000       0x40 ..\obj\stm32f0xx_rcc.o
 .text.RCC_PREDIV1Config
                0x00000000       0x34 ..\obj\stm32f0xx_rcc.o
 .text.RCC_ClockSecuritySystemCmd
                0x00000000       0x40 ..\obj\stm32f0xx_rcc.o
 .text.RCC_MCOConfig
                0x00000000       0x48 ..\obj\stm32f0xx_rcc.o
 .text.RCC_SYSCLKConfig
                0x00000000       0x34 ..\obj\stm32f0xx_rcc.o
 .text.RCC_GetSYSCLKSource
                0x00000000       0x1c ..\obj\stm32f0xx_rcc.o
 .text.RCC_HCLKConfig
                0x00000000       0x34 ..\obj\stm32f0xx_rcc.o
 .text.RCC_PCLKConfig
                0x00000000       0x38 ..\obj\stm32f0xx_rcc.o
 .text.RCC_ADCCLKConfig
                0x00000000       0x54 ..\obj\stm32f0xx_rcc.o
 .text.RCC_CECCLKConfig
                0x00000000       0x2c ..\obj\stm32f0xx_rcc.o
 .text.RCC_I2CCLKConfig
                0x00000000       0x2c ..\obj\stm32f0xx_rcc.o
 .text.RCC_USARTCLKConfig
                0x00000000       0x2c ..\obj\stm32f0xx_rcc.o
 .text.RCC_RTCCLKConfig
                0x00000000       0x20 ..\obj\stm32f0xx_rcc.o
 .text.RCC_RTCCLKCmd
                0x00000000       0x40 ..\obj\stm32f0xx_rcc.o
 .text.RCC_BackupResetCmd
                0x00000000       0x40 ..\obj\stm32f0xx_rcc.o
 .text.RCC_APB1PeriphClockCmd
                0x00000000       0x40 ..\obj\stm32f0xx_rcc.o
 .text.RCC_AHBPeriphResetCmd
                0x00000000       0x40 ..\obj\stm32f0xx_rcc.o
 .text.RCC_APB2PeriphResetCmd
                0x00000000       0x40 ..\obj\stm32f0xx_rcc.o
 .text.RCC_APB1PeriphResetCmd
                0x00000000       0x40 ..\obj\stm32f0xx_rcc.o
 .text.RCC_ITConfig
                0x00000000       0x50 ..\obj\stm32f0xx_rcc.o
 .text.RCC_GetFlagStatus
                0x00000000       0x94 ..\obj\stm32f0xx_rcc.o
 .text.RCC_ClearFlag
                0x00000000       0x1c ..\obj\stm32f0xx_rcc.o
 .text.RCC_GetITStatus
                0x00000000       0x44 ..\obj\stm32f0xx_rcc.o
 .text.RCC_ClearITPendingBit
                0x00000000       0x20 ..\obj\stm32f0xx_rcc.o
 .text          0x00000000        0x0 ..\obj\main.o
 .data          0x00000000        0x0 ..\obj\main.o
 .bss           0x00000000        0x0 ..\obj\main.o
 .text          0x00000000       0x14 ..\obj\startup_stm32f0xx.o
 .data          0x00000000        0x0 ..\obj\startup_stm32f0xx.o
 .bss           0x00000000        0x0 ..\obj\startup_stm32f0xx.o
 .text          0x00000000        0x0 ..\obj\stm32f0xx_spi.o
 .data          0x00000000        0x0 ..\obj\stm32f0xx_spi.o
 .bss           0x00000000        0x0 ..\obj\stm32f0xx_spi.o
 .text.SPI_I2S_DeInit
                0x00000000       0x5c ..\obj\stm32f0xx_spi.o
 .text.SPI_StructInit
                0x00000000       0x48 ..\obj\stm32f0xx_spi.o
 .text.SPI_Init
                0x00000000      0x108 ..\obj\stm32f0xx_spi.o
 .text.I2S_StructInit
                0x00000000       0x34 ..\obj\stm32f0xx_spi.o
 .text.I2S_Init
                0x00000000      0x1c4 ..\obj\stm32f0xx_spi.o
 .text.SPI_Cmd  0x00000000       0x40 ..\obj\stm32f0xx_spi.o
 .text.SPI_TIModeCmd
                0x00000000       0x40 ..\obj\stm32f0xx_spi.o
 .text.I2S_Cmd  0x00000000       0x48 ..\obj\stm32f0xx_spi.o
 .text.SPI_DataSizeConfig
                0x00000000       0x58 ..\obj\stm32f0xx_spi.o
 .text.SPI_RxFIFOThresholdConfig
                0x00000000       0x3c ..\obj\stm32f0xx_spi.o
 .text.SPI_BiDirectionalLineConfig
                0x00000000       0x4c ..\obj\stm32f0xx_spi.o
 .text.SPI_NSSInternalSoftwareConfig
                0x00000000       0x4c ..\obj\stm32f0xx_spi.o
 .text.SPI_SSOutputCmd
                0x00000000       0x40 ..\obj\stm32f0xx_spi.o
 .text.SPI_NSSPulseModeCmd
                0x00000000       0x40 ..\obj\stm32f0xx_spi.o
 .text.SPI_SendData8
                0x00000000       0x2c ..\obj\stm32f0xx_spi.o
 .text.SPI_I2S_SendData16
                0x00000000       0x20 ..\obj\stm32f0xx_spi.o
 .text.SPI_ReceiveData8
                0x00000000       0x24 ..\obj\stm32f0xx_spi.o
 .text.SPI_I2S_ReceiveData16
                0x00000000       0x18 ..\obj\stm32f0xx_spi.o
 .text.SPI_CRCLengthConfig
                0x00000000       0x3c ..\obj\stm32f0xx_spi.o
 .text.SPI_CalculateCRC
                0x00000000       0x48 ..\obj\stm32f0xx_spi.o
 .text.SPI_TransmitCRC
                0x00000000       0x24 ..\obj\stm32f0xx_spi.o
 .text.SPI_GetCRC
                0x00000000       0x44 ..\obj\stm32f0xx_spi.o
 .text.SPI_GetCRCPolynomial
                0x00000000       0x18 ..\obj\stm32f0xx_spi.o
 .text.SPI_I2S_DMACmd
                0x00000000       0x54 ..\obj\stm32f0xx_spi.o
 .text.SPI_LastDMATransferCmd
                0x00000000       0x3c ..\obj\stm32f0xx_spi.o
 .text.SPI_I2S_ITConfig
                0x00000000       0x84 ..\obj\stm32f0xx_spi.o
 .text.SPI_GetTransmissionFIFOStatus
                0x00000000       0x20 ..\obj\stm32f0xx_spi.o
 .text.SPI_GetReceptionFIFOStatus
                0x00000000       0x20 ..\obj\stm32f0xx_spi.o
 .text.SPI_I2S_GetFlagStatus
                0x00000000       0x48 ..\obj\stm32f0xx_spi.o
 .text.SPI_I2S_ClearFlag
                0x00000000       0x24 ..\obj\stm32f0xx_spi.o
 .text.SPI_I2S_GetITStatus
                0x00000000       0xb0 ..\obj\stm32f0xx_spi.o
 .debug_info    0x00000000      0xa95 ..\obj\stm32f0xx_spi.o
 .debug_abbrev  0x00000000      0x1a3 ..\obj\stm32f0xx_spi.o
 .debug_aranges
                0x00000000      0x110 ..\obj\stm32f0xx_spi.o
 .debug_ranges  0x00000000      0x100 ..\obj\stm32f0xx_spi.o
 .debug_line    0x00000000      0x497 ..\obj\stm32f0xx_spi.o
 .debug_str     0x00000000      0x6f7 ..\obj\stm32f0xx_spi.o
 .comment       0x00000000       0x6f ..\obj\stm32f0xx_spi.o
 .debug_frame   0x00000000      0x3f0 ..\obj\stm32f0xx_spi.o
 .ARM.attributes
                0x00000000       0x31 ..\obj\stm32f0xx_spi.o
 .text          0x00000000        0x0 ..\obj\stm32f0xx_i2c.o
 .data          0x00000000        0x0 ..\obj\stm32f0xx_i2c.o
 .bss           0x00000000        0x0 ..\obj\stm32f0xx_i2c.o
 .text.I2C_DeInit
                0x00000000       0x50 ..\obj\stm32f0xx_i2c.o
 .text.I2C_Init
                0x00000000       0xd0 ..\obj\stm32f0xx_i2c.o
 .text.I2C_StructInit
                0x00000000       0x3c ..\obj\stm32f0xx_i2c.o
 .text.I2C_Cmd  0x00000000       0x3c ..\obj\stm32f0xx_i2c.o
 .text.I2C_SoftwareResetCmd
                0x00000000       0x30 ..\obj\stm32f0xx_i2c.o
 .text.I2C_ITConfig
                0x00000000       0x3c ..\obj\stm32f0xx_i2c.o
 .text.I2C_StretchClockCmd
                0x00000000       0x40 ..\obj\stm32f0xx_i2c.o
 .text.I2C_StopModeCmd
                0x00000000       0x40 ..\obj\stm32f0xx_i2c.o
 .text.I2C_DualAddressCmd
                0x00000000       0x40 ..\obj\stm32f0xx_i2c.o
 .text.I2C_OwnAddress2Config
                0x00000000       0x58 ..\obj\stm32f0xx_i2c.o
 .text.I2C_GeneralCallCmd
                0x00000000       0x40 ..\obj\stm32f0xx_i2c.o
 .text.I2C_SlaveByteControlCmd
                0x00000000       0x40 ..\obj\stm32f0xx_i2c.o
 .text.I2C_SlaveAddressConfig
                0x00000000       0x3c ..\obj\stm32f0xx_i2c.o
 .text.I2C_10BitAddressingModeCmd
                0x00000000       0x40 ..\obj\stm32f0xx_i2c.o
 .text.I2C_AutoEndCmd
                0x00000000       0x40 ..\obj\stm32f0xx_i2c.o
 .text.I2C_ReloadCmd
                0x00000000       0x40 ..\obj\stm32f0xx_i2c.o
 .text.I2C_NumberOfBytesConfig
                0x00000000       0x44 ..\obj\stm32f0xx_i2c.o
 .text.I2C_MasterRequestConfig
                0x00000000       0x40 ..\obj\stm32f0xx_i2c.o
 .text.I2C_GenerateSTART
                0x00000000       0x40 ..\obj\stm32f0xx_i2c.o
 .text.I2C_GenerateSTOP
                0x00000000       0x40 ..\obj\stm32f0xx_i2c.o
 .text.I2C_10BitAddressHeaderCmd
                0x00000000       0x40 ..\obj\stm32f0xx_i2c.o
 .text.I2C_AcknowledgeConfig
                0x00000000       0x40 ..\obj\stm32f0xx_i2c.o
 .text.I2C_GetAddressMatched
                0x00000000       0x20 ..\obj\stm32f0xx_i2c.o
 .text.I2C_GetTransferDirection
                0x00000000       0x48 ..\obj\stm32f0xx_i2c.o
 .text.I2C_TransferHandling
                0x00000000       0x6c ..\obj\stm32f0xx_i2c.o
 .text.I2C_SMBusAlertCmd
                0x00000000       0x40 ..\obj\stm32f0xx_i2c.o
 .text.I2C_ClockTimeoutCmd
                0x00000000       0x40 ..\obj\stm32f0xx_i2c.o
 .text.I2C_ExtendedClockTimeoutCmd
                0x00000000       0x3c ..\obj\stm32f0xx_i2c.o
 .text.I2C_IdleClockTimeoutCmd
                0x00000000       0x40 ..\obj\stm32f0xx_i2c.o
 .text.I2C_TimeoutAConfig
                0x00000000       0x3c ..\obj\stm32f0xx_i2c.o
 .text.I2C_TimeoutBConfig
                0x00000000       0x48 ..\obj\stm32f0xx_i2c.o
 .text.I2C_CalculatePEC
                0x00000000       0x40 ..\obj\stm32f0xx_i2c.o
 .text.I2C_PECRequestCmd
                0x00000000       0x40 ..\obj\stm32f0xx_i2c.o
 .text.I2C_GetPEC
                0x00000000       0x18 ..\obj\stm32f0xx_i2c.o
 .text.I2C_ReadRegister
                0x00000000       0x2c ..\obj\stm32f0xx_i2c.o
 .text.I2C_SendData
                0x00000000       0x20 ..\obj\stm32f0xx_i2c.o
 .text.I2C_ReceiveData
                0x00000000       0x18 ..\obj\stm32f0xx_i2c.o
 .text.I2C_DMACmd
                0x00000000       0x3c ..\obj\stm32f0xx_i2c.o
 .text.I2C_GetFlagStatus
                0x00000000       0x4c ..\obj\stm32f0xx_i2c.o
 .text.I2C_ClearFlag
                0x00000000       0x18 ..\obj\stm32f0xx_i2c.o
 .text.I2C_GetITStatus
                0x00000000       0x88 ..\obj\stm32f0xx_i2c.o
 .text.I2C_ClearITPendingBit
                0x00000000       0x18 ..\obj\stm32f0xx_i2c.o
 .debug_info    0x00000000      0xbbb ..\obj\stm32f0xx_i2c.o
 .debug_abbrev  0x00000000      0x187 ..\obj\stm32f0xx_i2c.o
 .debug_aranges
                0x00000000      0x168 ..\obj\stm32f0xx_i2c.o
 .debug_ranges  0x00000000      0x158 ..\obj\stm32f0xx_i2c.o
 .debug_line    0x00000000      0x553 ..\obj\stm32f0xx_i2c.o
 .debug_str     0x00000000      0x633 ..\obj\stm32f0xx_i2c.o
 .comment       0x00000000       0x6f ..\obj\stm32f0xx_i2c.o
 .debug_frame   0x00000000      0x550 ..\obj\stm32f0xx_i2c.o
 .ARM.attributes
                0x00000000       0x31 ..\obj\stm32f0xx_i2c.o
 .text          0x00000000        0x0 ..\obj\system_stm32f0xx_temp.o
 .data          0x00000000       0x14 ..\obj\system_stm32f0xx_temp.o
 .bss           0x00000000        0x0 ..\obj\system_stm32f0xx_temp.o
 .text.SystemCoreClockUpdate1
                0x00000000       0xd4 ..\obj\system_stm32f0xx_temp.o
 .text          0x00000000        0x0 ..\obj\stm32f0xx_gpio.o
 .data          0x00000000        0x0 ..\obj\stm32f0xx_gpio.o
 .bss           0x00000000        0x0 ..\obj\stm32f0xx_gpio.o
 .text.GPIO_DeInit
                0x00000000       0xcc ..\obj\stm32f0xx_gpio.o
 .text.GPIO_StructInit
                0x00000000       0x34 ..\obj\stm32f0xx_gpio.o
 .text.GPIO_PinLockConfig
                0x00000000       0x48 ..\obj\stm32f0xx_gpio.o
 .text.GPIO_ReadInputDataBit
                0x00000000       0x48 ..\obj\stm32f0xx_gpio.o
 .text.GPIO_ReadInputData
                0x00000000       0x18 ..\obj\stm32f0xx_gpio.o
 .text.GPIO_ReadOutputDataBit
                0x00000000       0x48 ..\obj\stm32f0xx_gpio.o
 .text.GPIO_ReadOutputData
                0x00000000       0x18 ..\obj\stm32f0xx_gpio.o
 .text.GPIO_WriteBit
                0x00000000       0x3c ..\obj\stm32f0xx_gpio.o
 .text.GPIO_Write
                0x00000000       0x20 ..\obj\stm32f0xx_gpio.o
 .text          0x00000000        0x0 ..\obj\syscalls.o
 .data          0x00000000        0x0 ..\obj\syscalls.o
 .bss           0x00000000        0x4 ..\obj\syscalls.o
 .text._sbrk    0x00000000       0x3c ..\obj\syscalls.o
 .text.link     0x00000000       0x18 ..\obj\syscalls.o
 .text._close   0x00000000       0x14 ..\obj\syscalls.o
 .text._fstat   0x00000000       0x1c ..\obj\syscalls.o
 .text._isatty  0x00000000       0x14 ..\obj\syscalls.o
 .text._lseek   0x00000000       0x18 ..\obj\syscalls.o
 .text._read    0x00000000       0x18 ..\obj\syscalls.o
 .text._write   0x00000000       0x18 ..\obj\syscalls.o
 .text.abort    0x00000000        0x8 ..\obj\syscalls.o
 .debug_info    0x00000000      0x458 ..\obj\syscalls.o
 .debug_abbrev  0x00000000       0xe5 ..\obj\syscalls.o
 .debug_aranges
                0x00000000       0x60 ..\obj\syscalls.o
 .debug_ranges  0x00000000       0x50 ..\obj\syscalls.o
 .debug_line    0x00000000      0x1ef ..\obj\syscalls.o
 .debug_str     0x00000000      0x33d ..\obj\syscalls.o
 .comment       0x00000000       0x6f ..\obj\syscalls.o
 .debug_frame   0x00000000      0x12c ..\obj\syscalls.o
 .ARM.attributes
                0x00000000       0x31 ..\obj\syscalls.o
 .text          0x00000000        0x0 ..\obj\stm32f0xx_usart.o
 .data          0x00000000        0x0 ..\obj\stm32f0xx_usart.o
 .bss           0x00000000        0x0 ..\obj\stm32f0xx_usart.o
 .text.USART_DeInit
                0x00000000       0x5c ..\obj\stm32f0xx_usart.o
 .text.USART_StructInit
                0x00000000       0x38 ..\obj\stm32f0xx_usart.o
 .text.USART_ClockInit
                0x00000000       0x4c ..\obj\stm32f0xx_usart.o
 .text.USART_ClockStructInit
                0x00000000       0x28 ..\obj\stm32f0xx_usart.o
 .text.USART_DirectionModeCmd
                0x00000000       0x3c ..\obj\stm32f0xx_usart.o
 .text.USART_OverSampling8Cmd
                0x00000000       0x40 ..\obj\stm32f0xx_usart.o
 .text.USART_OneBitMethodCmd
                0x00000000       0x40 ..\obj\stm32f0xx_usart.o
 .text.USART_MSBFirstCmd
                0x00000000       0x40 ..\obj\stm32f0xx_usart.o
 .text.USART_DataInvCmd
                0x00000000       0x40 ..\obj\stm32f0xx_usart.o
 .text.USART_InvPinCmd
                0x00000000       0x3c ..\obj\stm32f0xx_usart.o
 .text.USART_SWAPPinCmd
                0x00000000       0x40 ..\obj\stm32f0xx_usart.o
 .text.USART_ReceiverTimeOutCmd
                0x00000000       0x40 ..\obj\stm32f0xx_usart.o
 .text.USART_SetReceiverTimeOut
                0x00000000       0x2c ..\obj\stm32f0xx_usart.o
 .text.USART_SetPrescaler
                0x00000000       0x3c ..\obj\stm32f0xx_usart.o
 .text.USART_STOPModeCmd
                0x00000000       0x3c ..\obj\stm32f0xx_usart.o
 .text.USART_StopModeWakeUpSourceConfig
                0x00000000       0x30 ..\obj\stm32f0xx_usart.o
 .text.USART_AutoBaudRateCmd
                0x00000000       0x40 ..\obj\stm32f0xx_usart.o
 .text.USART_AutoBaudRateConfig
                0x00000000       0x30 ..\obj\stm32f0xx_usart.o
 .text.USART_ReceiveData
                0x00000000       0x1c ..\obj\stm32f0xx_usart.o
 .text.USART_SetAddress
                0x00000000       0x34 ..\obj\stm32f0xx_usart.o
 .text.USART_MuteModeCmd
                0x00000000       0x40 ..\obj\stm32f0xx_usart.o
 .text.USART_MuteModeWakeUpConfig
                0x00000000       0x30 ..\obj\stm32f0xx_usart.o
 .text.USART_AddressDetectionConfig
                0x00000000       0x2c ..\obj\stm32f0xx_usart.o
 .text.USART_LINBreakDetectLengthConfig
                0x00000000       0x2c ..\obj\stm32f0xx_usart.o
 .text.USART_LINCmd
                0x00000000       0x40 ..\obj\stm32f0xx_usart.o
 .text.USART_HalfDuplexCmd
                0x00000000       0x3c ..\obj\stm32f0xx_usart.o
 .text.USART_SetGuardTime
                0x00000000       0x40 ..\obj\stm32f0xx_usart.o
 .text.USART_SmartCardCmd
                0x00000000       0x3c ..\obj\stm32f0xx_usart.o
 .text.USART_SmartCardNACKCmd
                0x00000000       0x3c ..\obj\stm32f0xx_usart.o
 .text.USART_SetAutoRetryCount
                0x00000000       0x38 ..\obj\stm32f0xx_usart.o
 .text.USART_SetBlockLength
                0x00000000       0x34 ..\obj\stm32f0xx_usart.o
 .text.USART_IrDAConfig
                0x00000000       0x2c ..\obj\stm32f0xx_usart.o
 .text.USART_IrDACmd
                0x00000000       0x3c ..\obj\stm32f0xx_usart.o
 .text.USART_DECmd
                0x00000000       0x40 ..\obj\stm32f0xx_usart.o
 .text.USART_DEPolarityConfig
                0x00000000       0x30 ..\obj\stm32f0xx_usart.o
 .text.USART_SetDEAssertionTime
                0x00000000       0x30 ..\obj\stm32f0xx_usart.o
 .text.USART_SetDEDeassertionTime
                0x00000000       0x30 ..\obj\stm32f0xx_usart.o
 .text.USART_DMACmd
                0x00000000       0x3c ..\obj\stm32f0xx_usart.o
 .text.USART_DMAReceptionErrorConfig
                0x00000000       0x30 ..\obj\stm32f0xx_usart.o
 .text.USART_ITConfig
                0x00000000       0x84 ..\obj\stm32f0xx_usart.o
 .text.USART_RequestCmd
                0x00000000       0x48 ..\obj\stm32f0xx_usart.o
 .text.USART_OverrunDetectionConfig
                0x00000000       0x30 ..\obj\stm32f0xx_usart.o
 .text.USART_GetFlagStatus
                0x00000000       0x3c ..\obj\stm32f0xx_usart.o
 .text.USART_ClearFlag
                0x00000000       0x18 ..\obj\stm32f0xx_usart.o
 .text.USART_GetITStatus
                0x00000000       0xb0 ..\obj\stm32f0xx_usart.o
 .text.USART_ClearITPendingBit
                0x00000000       0x30 ..\obj\stm32f0xx_usart.o
 .text          0x00000000        0x0 ..\obj\stm32f0xx_tim.o
 .data          0x00000000        0x0 ..\obj\stm32f0xx_tim.o
 .bss           0x00000000        0x0 ..\obj\stm32f0xx_tim.o
 .text.TIM_DeInit
                0x00000000      0x124 ..\obj\stm32f0xx_tim.o
 .text.TIM_TimeBaseInit
                0x00000000       0xf0 ..\obj\stm32f0xx_tim.o
 .text.TIM_TimeBaseStructInit
                0x00000000       0x30 ..\obj\stm32f0xx_tim.o
 .text.TIM_PrescalerConfig
                0x00000000       0x30 ..\obj\stm32f0xx_tim.o
 .text.TIM_CounterModeConfig
                0x00000000       0x54 ..\obj\stm32f0xx_tim.o
 .text.TIM_SetCounter
                0x00000000       0x18 ..\obj\stm32f0xx_tim.o
 .text.TIM_SetAutoreload
                0x00000000       0x18 ..\obj\stm32f0xx_tim.o
 .text.TIM_GetCounter
                0x00000000       0x14 ..\obj\stm32f0xx_tim.o
 .text.TIM_GetPrescaler
                0x00000000       0x18 ..\obj\stm32f0xx_tim.o
 .text.TIM_UpdateDisableConfig
                0x00000000       0x40 ..\obj\stm32f0xx_tim.o
 .text.TIM_UpdateRequestConfig
                0x00000000       0x40 ..\obj\stm32f0xx_tim.o
 .text.TIM_ARRPreloadConfig
                0x00000000       0x40 ..\obj\stm32f0xx_tim.o
 .text.TIM_SelectOnePulseMode
                0x00000000       0x38 ..\obj\stm32f0xx_tim.o
 .text.TIM_SetClockDivision
                0x00000000       0x3c ..\obj\stm32f0xx_tim.o
 .text.TIM_Cmd  0x00000000       0x40 ..\obj\stm32f0xx_tim.o
 .text.TIM_BDTRConfig
                0x00000000       0x4c ..\obj\stm32f0xx_tim.o
 .text.TIM_BDTRStructInit
                0x00000000       0x3c ..\obj\stm32f0xx_tim.o
 .text.TIM_CtrlPWMOutputs
                0x00000000       0x4c ..\obj\stm32f0xx_tim.o
 .text.TIM_OC1Init
                0x00000000      0x1a4 ..\obj\stm32f0xx_tim.o
 .text.TIM_OC2Init
                0x00000000      0x1b8 ..\obj\stm32f0xx_tim.o
 .text.TIM_OC3Init
                0x00000000      0x1a8 ..\obj\stm32f0xx_tim.o
 .text.TIM_OC4Init
                0x00000000      0x138 ..\obj\stm32f0xx_tim.o
 .text.TIM_OCStructInit
                0x00000000       0x40 ..\obj\stm32f0xx_tim.o
 .text.TIM_SelectOCxM
                0x00000000       0xd0 ..\obj\stm32f0xx_tim.o
 .text.TIM_SetCompare1
                0x00000000       0x18 ..\obj\stm32f0xx_tim.o
 .text.TIM_SetCompare2
                0x00000000       0x18 ..\obj\stm32f0xx_tim.o
 .text.TIM_SetCompare3
                0x00000000       0x18 ..\obj\stm32f0xx_tim.o
 .text.TIM_SetCompare4
                0x00000000       0x18 ..\obj\stm32f0xx_tim.o
 .text.TIM_ForcedOC1Config
                0x00000000       0x54 ..\obj\stm32f0xx_tim.o
 .text.TIM_ForcedOC2Config
                0x00000000       0x5c ..\obj\stm32f0xx_tim.o
 .text.TIM_ForcedOC3Config
                0x00000000       0x54 ..\obj\stm32f0xx_tim.o
 .text.TIM_ForcedOC4Config
                0x00000000       0x5c ..\obj\stm32f0xx_tim.o
 .text.TIM_CCPreloadControl
                0x00000000       0x40 ..\obj\stm32f0xx_tim.o
 .text.TIM_OC1PreloadConfig
                0x00000000       0x54 ..\obj\stm32f0xx_tim.o
 .text.TIM_OC2PreloadConfig
                0x00000000       0x5c ..\obj\stm32f0xx_tim.o
 .text.TIM_OC3PreloadConfig
                0x00000000       0x54 ..\obj\stm32f0xx_tim.o
 .text.TIM_OC4PreloadConfig
                0x00000000       0x5c ..\obj\stm32f0xx_tim.o
 .text.TIM_OC1FastConfig
                0x00000000       0x54 ..\obj\stm32f0xx_tim.o
 .text.TIM_OC2FastConfig
                0x00000000       0x5c ..\obj\stm32f0xx_tim.o
 .text.TIM_OC3FastConfig
                0x00000000       0x54 ..\obj\stm32f0xx_tim.o
 .text.TIM_OC4FastConfig
                0x00000000       0x5c ..\obj\stm32f0xx_tim.o
 .text.TIM_ClearOC1Ref
                0x00000000       0x54 ..\obj\stm32f0xx_tim.o
 .text.TIM_ClearOC2Ref
                0x00000000       0x58 ..\obj\stm32f0xx_tim.o
 .text.TIM_ClearOC3Ref
                0x00000000       0x54 ..\obj\stm32f0xx_tim.o
 .text.TIM_ClearOC4Ref
                0x00000000       0x58 ..\obj\stm32f0xx_tim.o
 .text.TIM_OC1PolarityConfig
                0x00000000       0x54 ..\obj\stm32f0xx_tim.o
 .text.TIM_OC1NPolarityConfig
                0x00000000       0x54 ..\obj\stm32f0xx_tim.o
 .text.TIM_OC2PolarityConfig
                0x00000000       0x58 ..\obj\stm32f0xx_tim.o
 .text.TIM_OC2NPolarityConfig
                0x00000000       0x58 ..\obj\stm32f0xx_tim.o
 .text.TIM_OC3PolarityConfig
                0x00000000       0x5c ..\obj\stm32f0xx_tim.o
 .text.TIM_OC3NPolarityConfig
                0x00000000       0x5c ..\obj\stm32f0xx_tim.o
 .text.TIM_OC4PolarityConfig
                0x00000000       0x5c ..\obj\stm32f0xx_tim.o
 .text.TIM_SelectOCREFClear
                0x00000000       0x38 ..\obj\stm32f0xx_tim.o
 .text.TIM_CCxCmd
                0x00000000       0x6c ..\obj\stm32f0xx_tim.o
 .text.TIM_CCxNCmd
                0x00000000       0x6c ..\obj\stm32f0xx_tim.o
 .text.TIM_SelectCOM
                0x00000000       0x40 ..\obj\stm32f0xx_tim.o
 .text.TIM_ICInit
                0x00000000       0xb0 ..\obj\stm32f0xx_tim.o
 .text.TIM_ICStructInit
                0x00000000       0x30 ..\obj\stm32f0xx_tim.o
 .text.TIM_PWMIConfig
                0x00000000       0xec ..\obj\stm32f0xx_tim.o
 .text.TIM_GetCapture1
                0x00000000       0x14 ..\obj\stm32f0xx_tim.o
 .text.TIM_GetCapture2
                0x00000000       0x14 ..\obj\stm32f0xx_tim.o
 .text.TIM_GetCapture3
                0x00000000       0x14 ..\obj\stm32f0xx_tim.o
 .text.TIM_GetCapture4
                0x00000000       0x14 ..\obj\stm32f0xx_tim.o
 .text.TIM_SetIC1Prescaler
                0x00000000       0x38 ..\obj\stm32f0xx_tim.o
 .text.TIM_SetIC2Prescaler
                0x00000000       0x40 ..\obj\stm32f0xx_tim.o
 .text.TIM_SetIC3Prescaler
                0x00000000       0x38 ..\obj\stm32f0xx_tim.o
 .text.TIM_SetIC4Prescaler
                0x00000000       0x40 ..\obj\stm32f0xx_tim.o
 .text.TIM_ITConfig
                0x00000000       0x54 ..\obj\stm32f0xx_tim.o
 .text.TIM_GenerateEvent
                0x00000000       0x20 ..\obj\stm32f0xx_tim.o
 .text.TIM_GetFlagStatus
                0x00000000       0x48 ..\obj\stm32f0xx_tim.o
 .text.TIM_ClearFlag
                0x00000000       0x24 ..\obj\stm32f0xx_tim.o
 .text.TIM_GetITStatus
                0x00000000       0x80 ..\obj\stm32f0xx_tim.o
 .text.TIM_ClearITPendingBit
                0x00000000       0x24 ..\obj\stm32f0xx_tim.o
 .text.TIM_DMAConfig
                0x00000000       0x34 ..\obj\stm32f0xx_tim.o
 .text.TIM_DMACmd
                0x00000000       0x54 ..\obj\stm32f0xx_tim.o
 .text.TIM_SelectCCDMA
                0x00000000       0x40 ..\obj\stm32f0xx_tim.o
 .text.TIM_InternalClockConfig
                0x00000000       0x20 ..\obj\stm32f0xx_tim.o
 .text.TIM_ITRxExternalClockConfig
                0x00000000       0x34 ..\obj\stm32f0xx_tim.o
 .text.TIM_TIxExternalClockConfig
                0x00000000       0x80 ..\obj\stm32f0xx_tim.o
 .text.TIM_ETRClockMode1Config
                0x00000000       0xa0 ..\obj\stm32f0xx_tim.o
 .text.TIM_ETRClockMode2Config
                0x00000000       0x58 ..\obj\stm32f0xx_tim.o
 .text.TIM_SelectInputTrigger
                0x00000000       0x54 ..\obj\stm32f0xx_tim.o
 .text.TIM_SelectOutputTrigger
                0x00000000       0x38 ..\obj\stm32f0xx_tim.o
 .text.TIM_SelectSlaveMode
                0x00000000       0x38 ..\obj\stm32f0xx_tim.o
 .text.TIM_SelectMasterSlaveMode
                0x00000000       0x38 ..\obj\stm32f0xx_tim.o
 .text.TIM_ETRConfig
                0x00000000       0x84 ..\obj\stm32f0xx_tim.o
 .text.TIM_EncoderInterfaceConfig
                0x00000000       0xfc ..\obj\stm32f0xx_tim.o
 .text.TIM_SelectHallSensor
                0x00000000       0x40 ..\obj\stm32f0xx_tim.o
 .text.TIM_RemapConfig
                0x00000000       0x20 ..\obj\stm32f0xx_tim.o
 .text.TI1_Config
                0x00000000       0xd0 ..\obj\stm32f0xx_tim.o
 .text.TI2_Config
                0x00000000       0xf8 ..\obj\stm32f0xx_tim.o
 .text.TI3_Config
                0x00000000       0xf0 ..\obj\stm32f0xx_tim.o
 .text.TI4_Config
                0x00000000      0x100 ..\obj\stm32f0xx_tim.o
 .debug_info    0x00000000     0x1c6f ..\obj\stm32f0xx_tim.o
 .debug_abbrev  0x00000000      0x1b7 ..\obj\stm32f0xx_tim.o
 .debug_aranges
                0x00000000      0x300 ..\obj\stm32f0xx_tim.o
 .debug_ranges  0x00000000      0x2f0 ..\obj\stm32f0xx_tim.o
 .debug_line    0x00000000      0xa74 ..\obj\stm32f0xx_tim.o
 .debug_str     0x00000000      0xdd7 ..\obj\stm32f0xx_tim.o
 .comment       0x00000000       0x6f ..\obj\stm32f0xx_tim.o
 .debug_frame   0x00000000      0xbb0 ..\obj\stm32f0xx_tim.o
 .ARM.attributes
                0x00000000       0x31 ..\obj\stm32f0xx_tim.o
 .text          0x00000000        0x0 ..\obj\stm32f0xx_misc.o
 .data          0x00000000        0x0 ..\obj\stm32f0xx_misc.o
 .bss           0x00000000        0x0 ..\obj\stm32f0xx_misc.o
 .text.NVIC_Init
                0x00000000       0xac ..\obj\stm32f0xx_misc.o
 .text.NVIC_SystemLPConfig
                0x00000000       0x48 ..\obj\stm32f0xx_misc.o
 .text.SysTick_CLKSourceConfig
                0x00000000       0x34 ..\obj\stm32f0xx_misc.o
 .debug_info    0x00000000      0x36e ..\obj\stm32f0xx_misc.o
 .debug_abbrev  0x00000000      0x145 ..\obj\stm32f0xx_misc.o
 .debug_aranges
                0x00000000       0x30 ..\obj\stm32f0xx_misc.o
 .debug_ranges  0x00000000       0x20 ..\obj\stm32f0xx_misc.o
 .debug_line    0x00000000      0x23b ..\obj\stm32f0xx_misc.o
 .debug_str     0x00000000      0x2ef ..\obj\stm32f0xx_misc.o
 .comment       0x00000000       0x6f ..\obj\stm32f0xx_misc.o
 .debug_frame   0x00000000       0x70 ..\obj\stm32f0xx_misc.o
 .ARM.attributes
                0x00000000       0x31 ..\obj\stm32f0xx_misc.o
 .data          0x00000000        0x0 c:/program files (x86)/gnu tools arm embedded/5.4 2016q3/bin/../lib/gcc/arm-none-eabi/5.4.1/armv6-m\libgcc.a(_udivsi3.o)
 .bss           0x00000000        0x0 c:/program files (x86)/gnu tools arm embedded/5.4 2016q3/bin/../lib/gcc/arm-none-eabi/5.4.1/armv6-m\libgcc.a(_udivsi3.o)
 .data          0x00000000        0x0 c:/program files (x86)/gnu tools arm embedded/5.4 2016q3/bin/../lib/gcc/arm-none-eabi/5.4.1/armv6-m\libgcc.a(_dvmd_tls.o)
 .bss           0x00000000        0x0 c:/program files (x86)/gnu tools arm embedded/5.4 2016q3/bin/../lib/gcc/arm-none-eabi/5.4.1/armv6-m\libgcc.a(_dvmd_tls.o)

Memory Configuration

Name             Origin             Length             Attributes
rom              0x08000000         0x00004000         xr
ram              0x20000000         0x00001000         xrw
*default*        0x00000000         0xffffffff

Linker script and memory map

                0x20001000                _eram = 0x20001000

.text           0x08000000      0xb48
 *(.isr_vector)
 .isr_vector    0x08000000       0xc4 ..\obj\startup_stm32f0xx.o
                0x08000000                g_pfnVectors
 *(.text*)
 .text.RCC_GetClocksFreq
                0x080000c4      0x1d0 ..\obj\stm32f0xx_rcc.o
                0x080000c4                RCC_GetClocksFreq
 .text.RCC_AHBPeriphClockCmd
                0x08000294       0x40 ..\obj\stm32f0xx_rcc.o
                0x08000294                RCC_AHBPeriphClockCmd
 .text.RCC_APB2PeriphClockCmd
                0x080002d4       0x40 ..\obj\stm32f0xx_rcc.o
                0x080002d4                RCC_APB2PeriphClockCmd
 .text.main     0x08000314      0x194 ..\obj\main.o
                0x08000314                main
 .text.Reset_Handler
                0x080004a8       0x4c ..\obj\startup_stm32f0xx.o
                0x080004a8                Reset_Handler
 .text.Default_Handler
                0x080004f4        0x2 ..\obj\startup_stm32f0xx.o
                0x080004f4                TIM1_CC_IRQHandler
                0x080004f4                HardFault_Handler
                0x080004f4                ADC1_COMP_IRQHandler
                0x080004f4                SysTick_Handler
                0x080004f4                PVD_IRQHandler
                0x080004f4                PendSV_Handler
                0x080004f4                NMI_Handler
                0x080004f4                I2C1_IRQHandler
                0x080004f4                SPI1_IRQHandler
                0x080004f4                TIM6_DAC_IRQHandler
                0x080004f4                EXTI2_3_IRQHandler
                0x080004f4                I2C2_IRQHandler
                0x080004f4                TIM17_IRQHandler
                0x080004f4                RTC_IRQHandler
                0x080004f4                TIM16_IRQHandler
                0x080004f4                TIM3_IRQHandler
                0x080004f4                EXTI4_15_IRQHandler
                0x080004f4                RCC_IRQHandler
                0x080004f4                DMA1_Channel1_IRQHandler
                0x080004f4                Default_Handler
                0x080004f4                CEC_IRQHandler
                0x080004f4                TIM14_IRQHandler
                0x080004f4                DMA1_Channel4_5_IRQHandler
                0x080004f4                TIM15_IRQHandler
                0x080004f4                EXTI0_1_IRQHandler
                0x080004f4                SPI2_IRQHandler
                0x080004f4                SVC_Handler
                0x080004f4                TS_IRQHandler
                0x080004f4                WWDG_IRQHandler
                0x080004f4                TIM2_IRQHandler
                0x080004f4                DMA1_Channel2_3_IRQHandler
                0x080004f4                USART2_IRQHandler
                0x080004f4                FLASH_IRQHandler
                0x080004f4                USART1_IRQHandler
                0x080004f4                TIM1_BRK_UP_TRG_COM_IRQHandler
 *fill*         0x080004f6        0x2 
 .text.SystemInit1
                0x080004f8       0x8c ..\obj\system_stm32f0xx_temp.o
                0x080004f8                SystemInit
                0x080004f8                SystemInit1
 .text.SetSysClock1
                0x08000584       0xe0 ..\obj\system_stm32f0xx_temp.o
                0x08000584                SetSysClock
 .text.GPIO_Init
                0x08000664      0x128 ..\obj\stm32f0xx_gpio.o
                0x08000664                GPIO_Init
 .text.GPIO_SetBits
                0x0800078c       0x20 ..\obj\stm32f0xx_gpio.o
                0x0800078c                GPIO_SetBits
 .text.GPIO_ResetBits
                0x080007ac       0x20 ..\obj\stm32f0xx_gpio.o
                0x080007ac                GPIO_ResetBits
 .text.GPIO_PinAFConfig
                0x080007cc       0xa4 ..\obj\stm32f0xx_gpio.o
                0x080007cc                GPIO_PinAFConfig
 .text.USART_Init
                0x08000870      0x160 ..\obj\stm32f0xx_usart.o
                0x08000870                USART_Init
 .text.USART_Cmd
                0x080009d0       0x3c ..\obj\stm32f0xx_usart.o
                0x080009d0                USART_Cmd
 .text.USART_SendData
                0x08000a0c       0x24 ..\obj\stm32f0xx_usart.o
                0x08000a0c                USART_SendData
 .text          0x08000a30      0x114 c:/program files (x86)/gnu tools arm embedded/5.4 2016q3/bin/../lib/gcc/arm-none-eabi/5.4.1/armv6-m\libgcc.a(_udivsi3.o)
                0x08000a30                __aeabi_uidiv
                0x08000a30                __udivsi3
                0x08000b3c                __aeabi_uidivmod
 .text          0x08000b44        0x4 c:/program files (x86)/gnu tools arm embedded/5.4 2016q3/bin/../lib/gcc/arm-none-eabi/5.4.1/armv6-m\libgcc.a(_dvmd_tls.o)
                0x08000b44                __aeabi_idiv0
                0x08000b44                __aeabi_ldiv0
 *(.init)
 *(.fini)
 *crtbegin.o(.ctors)
 *crtbegin?.o(.ctors)
 *(EXCLUDE_FILE(*crtend.o *crtend?.o) .ctors)
 *(SORT(.ctors.*))
 *(.ctors)
 *crtbegin.o(.dtors)
 *crtbegin?.o(.dtors)
 *(EXCLUDE_FILE(*crtend.o *crtend?.o) .dtors)
 *(SORT(.dtors.*))
 *(.dtors)
 *(.rodata*)
 *(.eh_fram e*)

.glue_7         0x08000b48        0x0
 .glue_7        0x08000b48        0x0 linker stubs

.glue_7t        0x08000b48        0x0
 .glue_7t       0x08000b48        0x0 linker stubs

.vfp11_veneer   0x08000b48        0x0
 .vfp11_veneer  0x08000b48        0x0 linker stubs

.v4_bx          0x08000b48        0x0
 .v4_bx         0x08000b48        0x0 linker stubs

.iplt           0x08000b48        0x0
 .iplt          0x08000b48        0x0 ..\obj\stm32f0xx_rcc.o

.rel.dyn        0x08000b48        0x0
 .rel.iplt      0x08000b48        0x0 ..\obj\stm32f0xx_rcc.o

.ARM.extab
 *(.ARM.extab* .gnu.linkonce.armextab.*)
                0x08000b48                __exidx_start = .

.ARM.exidx
 *(.ARM.exidx* .gnu.linkonce.armexidx.*)
                0x08000b48                __exidx_end = .
                0x08000b48                __etext = .
                0x08000b48                _sidata = __etext

.data           0x20000000       0x10 load address 0x08000b48
                0x20000000                __data_start__ = .
                0x20000000                _sdata = __data_start__
 *(vtable)
 *(.data*)
 .data          0x20000000       0x10 ..\obj\stm32f0xx_rcc.o
                0x20000010                . = ALIGN (0x4)
                [!provide]                PROVIDE (__preinit_array_start, .)
 *(.preinit_array)
                [!provide]                PROVIDE (__preinit_array_end, .)
                0x20000010                . = ALIGN (0x4)
                [!provide]                PROVIDE (__init_array_start, .)
 *(SORT(.init_array.*))
 *(.init_array)
                [!provide]                PROVIDE (__init_array_end, .)
                0x20000010                . = ALIGN (0x4)
                [!provide]                PROVIDE (__fini_array_start, .)
 *(SORT(.fini_array.*))
 *(.fini_array)
                [!provide]                PROVIDE (__fini_array_end, .)
 *(.jcr*)
                0x20000010                . = ALIGN (0x4)
                0x20000010                __data_end__ = .
                0x20000010                _edata = __data_end__

.igot.plt       0x20000010        0x0 load address 0x08000b58
 .igot.plt      0x20000010        0x0 ..\obj\stm32f0xx_rcc.o

.bss            0x20000010        0x0
                0x20000010                . = ALIGN (0x4)
                0x20000010                __bss_start__ = .
                0x20000010                _sbss = __bss_start__
 *(.bss*)
 *(COMMON)
                0x20000010                . = ALIGN (0x4)
                0x20000010                __bss_end__ = .
                0x20000010                _ebss = __bss_end__

.heap           0x20000010        0x0
                0x20000010                __end__ = .
                0x20000010                _end = __end__
                0x20000010                end = __end__
 *(.heap*)
                0x20000010                __HeapLimit = .

.co_stack       0x20000010        0x0
                0x20000010                . = ALIGN (0x8)
 *(.co_stack .co_stack.*)
                0x20001000                __StackTop = (ORIGIN (ram) + LENGTH (ram))
                0x20001000                __StackLimit = (__StackTop - SIZEOF (.co_stack))
                [!provide]                PROVIDE (__stack, __StackTop)
                0x00000001                ASSERT ((__StackLimit >= __HeapLimit), region ram  overflowed with stack)
LOAD ..\obj\stm32f0xx_rcc.o
LOAD ..\obj\main.o
LOAD ..\obj\startup_stm32f0xx.o
LOAD ..\obj\stm32f0xx_spi.o
LOAD ..\obj\stm32f0xx_i2c.o
LOAD ..\obj\system_stm32f0xx_temp.o
LOAD ..\obj\stm32f0xx_gpio.o
LOAD ..\obj\syscalls.o
LOAD ..\obj\stm32f0xx_usart.o
LOAD ..\obj\stm32f0xx_tim.o
LOAD ..\obj\stm32f0xx_misc.o
LOAD c:/program files (x86)/gnu tools arm embedded/5.4 2016q3/bin/../lib/gcc/arm-none-eabi/5.4.1/../../../../arm-none-eabi/lib/armv6-m\libm.a
LOAD c:/program files (x86)/gnu tools arm embedded/5.4 2016q3/bin/../lib/gcc/arm-none-eabi/5.4.1/armv6-m\libgcc.a
LOAD c:/program files (x86)/gnu tools arm embedded/5.4 2016q3/bin/../lib/gcc/arm-none-eabi/5.4.1/../../../../arm-none-eabi/lib/armv6-m\libc.a
START GROUP
LOAD c:/program files (x86)/gnu tools arm embedded/5.4 2016q3/bin/../lib/gcc/arm-none-eabi/5.4.1/armv6-m\libgcc.a
LOAD c:/program files (x86)/gnu tools arm embedded/5.4 2016q3/bin/../lib/gcc/arm-none-eabi/5.4.1/../../../../arm-none-eabi/lib/armv6-m\libg.a
LOAD c:/program files (x86)/gnu tools arm embedded/5.4 2016q3/bin/../lib/gcc/arm-none-eabi/5.4.1/../../../../arm-none-eabi/lib/armv6-m\libc.a
END GROUP
OUTPUT(STM32F030F4P6 test.elf elf32-littlearm)

.debug_info     0x00000000     0x261f
 .debug_info    0x00000000      0x9ce ..\obj\stm32f0xx_rcc.o
 .debug_info    0x000009ce      0x483 ..\obj\main.o
 .debug_info    0x00000e51       0xb4 ..\obj\startup_stm32f0xx.o
 .debug_info    0x00000f05      0x2fd ..\obj\system_stm32f0xx_temp.o
 .debug_info    0x00001202      0x5e7 ..\obj\stm32f0xx_gpio.o
 .debug_info    0x000017e9      0xe36 ..\obj\stm32f0xx_usart.o

.debug_abbrev   0x00000000      0x755
 .debug_abbrev  0x00000000      0x1ee ..\obj\stm32f0xx_rcc.o
 .debug_abbrev  0x000001ee      0x122 ..\obj\main.o
 .debug_abbrev  0x00000310       0x12 ..\obj\startup_stm32f0xx.o
 .debug_abbrev  0x00000322      0x136 ..\obj\system_stm32f0xx_temp.o
 .debug_abbrev  0x00000458      0x19f ..\obj\stm32f0xx_gpio.o
 .debug_abbrev  0x000005f7      0x15e ..\obj\stm32f0xx_usart.o

.debug_aranges  0x00000000      0x3e8
 .debug_aranges
                0x00000000      0x150 ..\obj\stm32f0xx_rcc.o
 .debug_aranges
                0x00000150       0x20 ..\obj\main.o
 .debug_aranges
                0x00000170       0x28 ..\obj\startup_stm32f0xx.o
 .debug_aranges
                0x00000198       0x30 ..\obj\system_stm32f0xx_temp.o
 .debug_aranges
                0x000001c8       0x80 ..\obj\stm32f0xx_gpio.o
 .debug_aranges
                0x00000248      0x1a0 ..\obj\stm32f0xx_usart.o

.debug_ranges   0x00000000      0x390
 .debug_ranges  0x00000000      0x140 ..\obj\stm32f0xx_rcc.o
 .debug_ranges  0x00000140       0x10 ..\obj\main.o
 .debug_ranges  0x00000150       0x20 ..\obj\startup_stm32f0xx.o
 .debug_ranges  0x00000170       0x20 ..\obj\system_stm32f0xx_temp.o
 .debug_ranges  0x00000190       0x70 ..\obj\stm32f0xx_gpio.o
 .debug_ranges  0x00000200      0x190 ..\obj\stm32f0xx_usart.o

.debug_line     0x00000000     0x12a1
 .debug_line    0x00000000      0x535 ..\obj\stm32f0xx_rcc.o
 .debug_line    0x00000535      0x200 ..\obj\main.o
 .debug_line    0x00000735       0xae ..\obj\startup_stm32f0xx.o
 .debug_line    0x000007e3      0x1c8 ..\obj\system_stm32f0xx_temp.o
 .debug_line    0x000009ab      0x305 ..\obj\stm32f0xx_gpio.o
 .debug_line    0x00000cb0      0x5f1 ..\obj\stm32f0xx_usart.o

.debug_str      0x00000000     0x11dd
 .debug_str     0x00000000      0x696 ..\obj\stm32f0xx_rcc.o
                                0x72f (size before relaxing)
 .debug_str     0x00000696      0x2a7 ..\obj\main.o
                                0x413 (size before relaxing)
 .debug_str     0x0000093d       0xad ..\obj\system_stm32f0xx_temp.o
                                0x295 (size before relaxing)
 .debug_str     0x000009ea      0x18e ..\obj\stm32f0xx_gpio.o
                                0x485 (size before relaxing)
 .debug_str     0x00000b78      0x665 ..\obj\stm32f0xx_usart.o
                                0x94c (size before relaxing)

.comment        0x00000000       0x6e
 .comment       0x00000000       0x6e ..\obj\stm32f0xx_rcc.o
                                 0x6f (size before relaxing)
 .comment       0x0000006e       0x6f ..\obj\main.o
 .comment       0x0000006e       0x6f ..\obj\system_stm32f0xx_temp.o
 .comment       0x0000006e       0x6f ..\obj\stm32f0xx_gpio.o
 .comment       0x0000006e       0x6f ..\obj\stm32f0xx_usart.o

.ARM.attributes
                0x00000000       0x2f
 .ARM.attributes
                0x00000000       0x31 ..\obj\stm32f0xx_rcc.o
 .ARM.attributes
                0x00000031       0x31 ..\obj\main.o
 .ARM.attributes
                0x00000062       0x21 ..\obj\startup_stm32f0xx.o
 .ARM.attributes
                0x00000083       0x31 ..\obj\system_stm32f0xx_temp.o
 .ARM.attributes
                0x000000b4       0x31 ..\obj\stm32f0xx_gpio.o
 .ARM.attributes
                0x000000e5       0x31 ..\obj\stm32f0xx_usart.o
 .ARM.attributes
                0x00000116       0x1e c:/program files (x86)/gnu tools arm embedded/5.4 2016q3/bin/../lib/gcc/arm-none-eabi/5.4.1/armv6-m\libgcc.a(_udivsi3.o)
 .ARM.attributes
                0x00000134       0x1e c:/program files (x86)/gnu tools arm embedded/5.4 2016q3/bin/../lib/gcc/arm-none-eabi/5.4.1/armv6-m\libgcc.a(_dvmd_tls.o)

.debug_frame    0x00000000      0xd80
 .debug_frame   0x00000000      0x4e4 ..\obj\stm32f0xx_rcc.o
 .debug_frame   0x000004e4       0x30 ..\obj\main.o
 .debug_frame   0x00000514       0x6c ..\obj\system_stm32f0xx_temp.o
 .debug_frame   0x00000580      0x1b0 ..\obj\stm32f0xx_gpio.o
 .debug_frame   0x00000730      0x630 ..\obj\stm32f0xx_usart.o
 .debug_frame   0x00000d60       0x20 c:/program files (x86)/gnu tools arm embedded/5.4 2016q3/bin/../lib/gcc/arm-none-eabi/5.4.1/armv6-m\libgcc.a(_udivsi3.o)
